[INITIAL_CONFTESTS] pid=29420 dist='no' numprocesses='<none>' tx=[] args=['C:/Users/N_KOVG~1/AppData/Local/Temp/tmp.4Vv1tIYjhL', '-q', '--no-header', '-p', 'no:cacheprovider', '-n', '4']
[CMDLINE_MAIN] pid=29420 role=CONTROLLER/plain dist='no' numprocesses=4 tx=[]
[CONFIGURE-tryfirst] pid=29420 role=CONTROLLER/plain dist='load' numprocesses=4 tx=['popen', 'popen', 'popen', 'popen'] dsession_registered=False
[INITIAL_CONFTESTS] pid=19376 dist='no' numprocesses='<none>' tx=[] args=['C:/Users/N_KOVG~1/AppData/Local/Temp/tmp.4Vv1tIYjhL', '-q', '--no-header', '-p', 'no:cacheprovider', '-n', '4']
[CMDLINE_MAIN] pid=19376 role=WORKER:gw0 dist='no' numprocesses=None tx=[]
[CONFIGURE-tryfirst] pid=19376 role=WORKER:gw0 dist='no' numprocesses=None tx=[] dsession_registered=False
[INITIAL_CONFTESTS] pid=20096 dist='no' numprocesses='<none>' tx=[] args=['C:/Users/N_KOVG~1/AppData/Local/Temp/tmp.4Vv1tIYjhL', '-q', '--no-header', '-p', 'no:cacheprovider', '-n', '4']
[CMDLINE_MAIN] pid=20096 role=WORKER:gw1 dist='no' numprocesses=None tx=[]
[CONFIGURE-tryfirst] pid=20096 role=WORKER:gw1 dist='no' numprocesses=None tx=[] dsession_registered=False
[INITIAL_CONFTESTS] pid=28632 dist='no' numprocesses='<none>' tx=[] args=['C:/Users/N_KOVG~1/AppData/Local/Temp/tmp.4Vv1tIYjhL', '-q', '--no-header', '-p', 'no:cacheprovider', '-n', '4']
[CMDLINE_MAIN] pid=28632 role=WORKER:gw2 dist='no' numprocesses=None tx=[]
[CONFIGURE-tryfirst] pid=28632 role=WORKER:gw2 dist='no' numprocesses=None tx=[] dsession_registered=False
[INITIAL_CONFTESTS] pid=5756 dist='no' numprocesses='<none>' tx=[] args=['C:/Users/N_KOVG~1/AppData/Local/Temp/tmp.4Vv1tIYjhL', '-q', '--no-header', '-p', 'no:cacheprovider', '-n', '4']
[CMDLINE_MAIN] pid=5756 role=WORKER:gw3 dist='no' numprocesses=None tx=[]
[CONFIGURE-tryfirst] pid=5756 role=WORKER:gw3 dist='no' numprocesses=None tx=[] dsession_registered=False
[SESSIONFINISH] pid=19376 role=WORKER:gw0 exitstatus=0
[SESSIONFINISH] pid=5756 role=WORKER:gw3 exitstatus=0
[SESSIONFINISH] pid=28632 role=WORKER:gw2 exitstatus=0
[SESSIONFINISH] pid=20096 role=WORKER:gw1 exitstatus=0
[SESSIONFINISH] pid=29420 role=CONTROLLER/plain exitstatus=0
[INITIAL_CONFTESTS] pid=17668 dist='no' numprocesses='<none>' tx=[] args=['C:/Users/N_KOVG~1/AppData/Local/Temp/tmp.4Vv1tIYjhL', '-q', '--no-header', '-p', 'no:cacheprovider', '-n', '4']
[CMDLINE_MAIN] pid=17668 role=CONTROLLER/plain dist='no' numprocesses=4 tx=[]
[CONFIGURE-tryfirst] pid=17668 role=CONTROLLER/plain dist='no' numprocesses=4 tx=['popen', 'popen', 'popen', 'popen'] dsession_registered=False
[SESSIONFINISH] pid=17668 role=CONTROLLER/plain exitstatus=0
[INITIAL_CONFTESTS] pid=27828 dist='no' numprocesses='<none>' tx=[] args=['C:/Users/N_KOVG~1/AppData/Local/Temp/tmp.4Vv1tIYjhL', '-q', '--no-header', '-p', 'no:cacheprovider', '-n', '4']
[CMDLINE_MAIN] pid=27828 role=CONTROLLER/plain dist='no' numprocesses=4 tx=[]
[CONFIGURE-tryfirst] pid=27828 role=CONTROLLER/plain dist='no' numprocesses=0 tx=[] dsession_registered=False
[SESSIONFINISH] pid=27828 role=CONTROLLER/plain exitstatus=0
[INITIAL_CONFTESTS] pid=23112 dist='no' numprocesses='<none>' tx=[] args=['C:/Users/N_KOVG~1/AppData/Local/Temp/tmp.kT4jO00FSI', '-q', '--no-header', '-p', 'no:cacheprovider', '-n', '4']
[CMDLINE_MAIN] pid=23112 role=CONTROLLER/plain dist='no' numprocesses=4 tx=[]
[CONFIGURE-tryfirst] pid=23112 role=CONTROLLER/plain dist='load' numprocesses=4 tx=['popen', 'popen', 'popen', 'popen'] dsession_registered=False
[INITIAL_CONFTESTS] pid=19496 dist='no' numprocesses='<none>' tx=[] args=['C:/Users/N_KOVG~1/AppData/Local/Temp/tmp.kT4jO00FSI', '-q', '--no-header', '-p', 'no:cacheprovider', '-n', '4']
[CMDLINE_MAIN] pid=19496 role=WORKER:gw0 dist='no' numprocesses=None tx=[]
[CONFIGURE-tryfirst] pid=19496 role=WORKER:gw0 dist='no' numprocesses=None tx=[] dsession_registered=False
[INITIAL_CONFTESTS] pid=24736 dist='no' numprocesses='<none>' tx=[] args=['C:/Users/N_KOVG~1/AppData/Local/Temp/tmp.kT4jO00FSI', '-q', '--no-header', '-p', 'no:cacheprovider', '-n', '4']
[CMDLINE_MAIN] pid=24736 role=WORKER:gw1 dist='no' numprocesses=None tx=[]
[CONFIGURE-tryfirst] pid=24736 role=WORKER:gw1 dist='no' numprocesses=None tx=[] dsession_registered=False
[INITIAL_CONFTESTS] pid=28060 dist='no' numprocesses='<none>' tx=[] args=['C:/Users/N_KOVG~1/AppData/Local/Temp/tmp.kT4jO00FSI', '-q', '--no-header', '-p', 'no:cacheprovider', '-n', '4']
[CMDLINE_MAIN] pid=28060 role=WORKER:gw2 dist='no' numprocesses=None tx=[]
[CONFIGURE-tryfirst] pid=28060 role=WORKER:gw2 dist='no' numprocesses=None tx=[] dsession_registered=False
[INITIAL_CONFTESTS] pid=30816 dist='no' numprocesses='<none>' tx=[] args=['C:/Users/N_KOVG~1/AppData/Local/Temp/tmp.kT4jO00FSI', '-q', '--no-header', '-p', 'no:cacheprovider', '-n', '4']
[CMDLINE_MAIN] pid=30816 role=WORKER:gw3 dist='no' numprocesses=None tx=[]
[CONFIGURE-tryfirst] pid=30816 role=WORKER:gw3 dist='no' numprocesses=None tx=[] dsession_registered=False
[SESSIONFINISH] pid=24736 role=WORKER:gw1 exitstatus=0
[SESSIONFINISH] pid=19496 role=WORKER:gw0 exitstatus=0
[SESSIONFINISH] pid=28060 role=WORKER:gw2 exitstatus=0
[SESSIONFINISH] pid=30816 role=WORKER:gw3 exitstatus=0
[SESSIONFINISH] pid=23112 role=CONTROLLER/plain exitstatus=0
[INITIAL_CONFTESTS] pid=16504 dist='no' numprocesses='<none>' tx=[] args=['C:/Users/N_KOVG~1/AppData/Local/Temp/tmp.kT4jO00FSI', '-q', '--no-header', '-p', 'no:cacheprovider', '-n', '4']
[CMDLINE_MAIN] pid=16504 role=CONTROLLER/plain dist='no' numprocesses=4 tx=[]
[CONFIGURE-tryfirst] pid=16504 role=CONTROLLER/plain dist='no' numprocesses=4 tx=['popen', 'popen', 'popen', 'popen'] dsession_registered=False
[SESSIONFINISH] pid=16504 role=CONTROLLER/plain exitstatus=0
[INITIAL_CONFTESTS] pid=25928 dist='no' numprocesses='<none>' tx=[] args=['C:/Users/N_KOVG~1/AppData/Local/Temp/tmp.kT4jO00FSI', '-q', '--no-header', '-p', 'no:cacheprovider', '-n', '4']
[CMDLINE_MAIN] pid=25928 role=CONTROLLER/plain dist='no' numprocesses=4 tx=[]
[CONFIGURE-tryfirst] pid=25928 role=CONTROLLER/plain dist='no' numprocesses=0 tx=[] dsession_registered=False
[SESSIONFINISH] pid=25928 role=CONTROLLER/plain exitstatus=0
